warning
error
'buffered\n'
colored? True
colored? True
