basic:

creating
creating
creating
creating

fakeuncacheable:

creating
creating
creating
creating
creating
creating
